// Vitest Snapshot v1, https://vitest.dev/guide/snapshot.html

exports[`Carousel > renders a carousel 1`] = `
<DocumentFragment>
  <div
    aria-roledescription="carousel"
    class="relative"
    role="region"
  >
    <div
      class="overflow-hidden"
    >
      <div
        class="flex -ml-4"
        style="transform: translate3d(NaNpx,0px,0px);"
      >
        <div
          aria-roledescription="slide"
          class="min-w-0 shrink-0 grow-0 basis-full pl-4"
          role="group"
        >
          <div
            class="p-1"
          >
            1
          </div>
        </div>
        <div
          aria-roledescription="slide"
          class="min-w-0 shrink-0 grow-0 basis-full pl-4"
          role="group"
        >
          <div
            class="p-1"
          >
            2
          </div>
        </div>
        <div
          aria-roledescription="slide"
          class="min-w-0 shrink-0 grow-0 basis-full pl-4"
          role="group"
        >
          <div
            class="p-1"
          >
            3
          </div>
        </div>
        <div
          aria-roledescription="slide"
          class="min-w-0 shrink-0 grow-0 basis-full pl-4"
          role="group"
        >
          <div
            class="p-1"
          >
            4
          </div>
        </div>
        <div
          aria-roledescription="slide"
          class="min-w-0 shrink-0 grow-0 basis-full pl-4"
          role="group"
        >
          <div
            class="p-1"
          >
            5
          </div>
        </div>
      </div>
    </div>
    <button
      class="btn btn-ghost btn-outline min-h-fit absolute h-8 w-8 rounded-full p-0 disabled:bg-transparent -left-12 top-1/2 -translate-y-1/2"
      disabled=""
    >
      <svg
        class="h-4 w-4"
        fill="none"
        height="15"
        viewBox="0 0 15 15"
        width="15"
        xmlns="http://www.w3.org/2000/svg"
      >
        <path
          clip-rule="evenodd"
          d="M6.85355 3.14645C7.04882 3.34171 7.04882 3.65829 6.85355 3.85355L3.70711 7H12.5C12.7761 7 13 7.22386 13 7.5C13 7.77614 12.7761 8 12.5 8H3.70711L6.85355 11.1464C7.04882 11.3417 7.04882 11.6583 6.85355 11.8536C6.65829 12.0488 6.34171 12.0488 6.14645 11.8536L2.14645 7.85355C1.95118 7.65829 1.95118 7.34171 2.14645 7.14645L6.14645 3.14645C6.34171 2.95118 6.65829 2.95118 6.85355 3.14645Z"
          fill="currentColor"
          fill-rule="evenodd"
        />
      </svg>
      <span
        class="sr-only"
      >
        Previous slide
      </span>
    </button>
    <button
      class="btn btn-ghost btn-outline min-h-fit absolute h-8 w-8 rounded-full p-0 disabled:bg-transparent -right-12 top-1/2 -translate-y-1/2"
      disabled=""
    >
      <svg
        class="h-4 w-4"
        fill="none"
        height="15"
        viewBox="0 0 15 15"
        width="15"
        xmlns="http://www.w3.org/2000/svg"
      >
        <path
          clip-rule="evenodd"
          d="M8.14645 3.14645C8.34171 2.95118 8.65829 2.95118 8.85355 3.14645L12.8536 7.14645C13.0488 7.34171 13.0488 7.65829 12.8536 7.85355L8.85355 11.8536C8.65829 12.0488 8.34171 12.0488 8.14645 11.8536C7.95118 11.6583 7.95118 11.3417 8.14645 11.1464L11.2929 8H2.5C2.22386 8 2 7.77614 2 7.5C2 7.22386 2.22386 7 2.5 7H11.2929L8.14645 3.85355C7.95118 3.65829 7.95118 3.34171 8.14645 3.14645Z"
          fill="currentColor"
          fill-rule="evenodd"
        />
      </svg>
      <span
        class="sr-only"
      >
        Next slide
      </span>
    </button>
  </div>
</DocumentFragment>
`;
