// Vitest Snapshot v1, https://vitest.dev/guide/snapshot.html

exports[`Tooltip > shows tooltip with content 1`] = `
<DocumentFragment>
  <div
    class="tooltip"
    data-tip="I am the tooltip's content"
  >
    Tooltip trigger
  </div>
</DocumentFragment>
`;
