// Vitest Snapshot v1, https://vitest.dev/guide/snapshot.html

exports[`Table > renders a table 1`] = `
<DocumentFragment>
  <div
    class="relative w-full overflow-auto"
  >
    <table
      class="table"
    >
      <caption>
        A list of your recent invoices.
      </caption>
      <thead
        class="[&_tr]:border-b"
      >
        <tr>
          <th
            class="w-[100px]"
          >
            Invoice
          </th>
          <th>
            Status
          </th>
          <th>
            Method
          </th>
          <th
            class="text-right"
          >
            Amount
          </th>
        </tr>
      </thead>
      <tbody>
        <tr>
          <td
            class="font-medium"
          >
            INV001
          </td>
          <td>
            Paid
          </td>
          <td>
            Credit Card
          </td>
          <td
            class="text-right"
          >
            $250.00
          </td>
        </tr>
        <tr>
          <td
            class="font-medium"
          >
            INV002
          </td>
          <td>
            Unpaid
          </td>
          <td>
            Direct Debit
          </td>
          <td
            class="text-right"
          >
            $250.00
          </td>
        </tr>
        <tr>
          <td
            class="font-medium"
          >
            INV003
          </td>
          <td>
            Paid
          </td>
          <td>
            Credit Card
          </td>
          <td
            class="text-right"
          >
            $250.00
          </td>
        </tr>
        <tr>
          <td
            class="font-medium"
          >
            INV004
          </td>
          <td>
            Paid
          </td>
          <td>
            Direct Debit
          </td>
          <td
            class="text-right"
          >
            $250.00
          </td>
        </tr>
        <tr>
          <td
            class="font-medium"
          >
            INV005
          </td>
          <td>
            Pending
          </td>
          <td>
            Debit Card
          </td>
          <td
            class="text-right"
          >
            $250.00
          </td>
        </tr>
        <tr>
          <td
            class="font-medium"
          >
            INV006
          </td>
          <td>
            Paid
          </td>
          <td>
            Credit Card
          </td>
          <td
            class="text-right"
          >
            $250.00
          </td>
        </tr>
        <tr>
          <td
            class="font-medium"
          >
            INV007
          </td>
          <td>
            Paid
          </td>
          <td>
            Credit Card
          </td>
          <td
            class="text-right"
          >
            $250.00
          </td>
        </tr>
      </tbody>
      <tfoot>
        <tr>
          <td
            colspan="3"
          >
            Total
          </td>
          <td
            class="text-right"
          >
            $2,500.00
          </td>
        </tr>
      </tfoot>
    </table>
  </div>
</DocumentFragment>
`;
