// Vitest Snapshot v1, https://vitest.dev/guide/snapshot.html

exports[`Accordion > renders an accordion 1`] = `
<DocumentFragment>
  <div
    data-orientation="vertical"
  >
    <div
      class="border-b"
      data-orientation="vertical"
      data-state="closed"
    >
      <h3
        class="flex"
        data-orientation="vertical"
        data-state="closed"
      >
        <button
          aria-controls="radix-«r1»"
          aria-expanded="false"
          class="flex flex-1 items-center justify-between py-4 text-sm font-medium transition-all [&:hover:not(:disabled)]:underline disabled:opacity-50 [&[data-state=open]>svg]:rotate-180"
          data-orientation="vertical"
          data-radix-collection-item=""
          data-state="closed"
          id="radix-«r0»"
          type="button"
        >
          Is it accessible?
        </button>
      </h3>
      <div
        aria-labelledby="radix-«r0»"
        class="overflow-hidden text-sm data-[state=closed]:animate-accordion-up data-[state=open]:animate-accordion-down"
        data-orientation="vertical"
        data-state="closed"
        hidden=""
        id="radix-«r1»"
        role="region"
        style="--radix-accordion-content-height: var(--radix-collapsible-content-height); --radix-accordion-content-width: var(--radix-collapsible-content-width);"
      />
    </div>
    <div
      class="border-b"
      data-orientation="vertical"
      data-state="closed"
    >
      <h3
        class="flex"
        data-orientation="vertical"
        data-state="closed"
      >
        <button
          aria-controls="radix-«r3»"
          aria-expanded="false"
          class="flex flex-1 items-center justify-between py-4 text-sm font-medium transition-all [&:hover:not(:disabled)]:underline disabled:opacity-50 [&[data-state=open]>svg]:rotate-180"
          data-orientation="vertical"
          data-radix-collection-item=""
          data-state="closed"
          id="radix-«r2»"
          type="button"
        >
          Is it styled?
        </button>
      </h3>
      <div
        aria-labelledby="radix-«r2»"
        class="overflow-hidden text-sm data-[state=closed]:animate-accordion-up data-[state=open]:animate-accordion-down"
        data-orientation="vertical"
        data-state="closed"
        hidden=""
        id="radix-«r3»"
        role="region"
        style="--radix-accordion-content-height: var(--radix-collapsible-content-height); --radix-accordion-content-width: var(--radix-collapsible-content-width);"
      />
    </div>
    <div
      class="border-b"
      data-orientation="vertical"
      data-state="closed"
    >
      <h3
        class="flex"
        data-orientation="vertical"
        data-state="closed"
      >
        <button
          aria-controls="radix-«r5»"
          aria-expanded="false"
          class="flex flex-1 items-center justify-between py-4 text-sm font-medium transition-all [&:hover:not(:disabled)]:underline disabled:opacity-50 [&[data-state=open]>svg]:rotate-180"
          data-orientation="vertical"
          data-radix-collection-item=""
          data-state="closed"
          disabled=""
          id="radix-«r4»"
          type="button"
        >
          Is it animated?
        </button>
      </h3>
      <div
        aria-labelledby="radix-«r4»"
        class="overflow-hidden text-sm data-[state=closed]:animate-accordion-up data-[state=open]:animate-accordion-down"
        data-orientation="vertical"
        data-state="closed"
        hidden=""
        id="radix-«r5»"
        role="region"
        style="--radix-accordion-content-height: var(--radix-collapsible-content-height); --radix-accordion-content-width: var(--radix-collapsible-content-width);"
      />
    </div>
  </div>
</DocumentFragment>
`;
