// Vitest Snapshot v1, https://vitest.dev/guide/snapshot.html

exports[`Dock > renders a basic dock 1`] = `
<DocumentFragment>
  <div
    class="dock"
  >
    <button
      class="dock-active"
    >
      <svg
        aria-hidden="true"
        class="lucide lucide-house"
        fill="none"
        height="24"
        stroke="currentColor"
        stroke-linecap="round"
        stroke-linejoin="round"
        stroke-width="2"
        viewBox="0 0 24 24"
        width="24"
        xmlns="http://www.w3.org/2000/svg"
      >
        <path
          d="M15 21v-8a1 1 0 0 0-1-1h-4a1 1 0 0 0-1 1v8"
        />
        <path
          d="M3 10a2 2 0 0 1 .709-1.528l7-5.999a2 2 0 0 1 2.582 0l7 5.999A2 2 0 0 1 21 10v9a2 2 0 0 1-2 2H5a2 2 0 0 1-2-2z"
        />
      </svg>
      <span
        class="dock-label"
      >
        Home
      </span>
    </button>
    <button
      class=""
    >
      <svg
        aria-hidden="true"
        class="lucide lucide-inbox"
        fill="none"
        height="24"
        stroke="currentColor"
        stroke-linecap="round"
        stroke-linejoin="round"
        stroke-width="2"
        viewBox="0 0 24 24"
        width="24"
        xmlns="http://www.w3.org/2000/svg"
      >
        <polyline
          points="22 12 16 12 14 15 10 15 8 12 2 12"
        />
        <path
          d="M5.45 5.11 2 12v6a2 2 0 0 0 2 2h16a2 2 0 0 0 2-2v-6l-3.45-6.89A2 2 0 0 0 16.76 4H7.24a2 2 0 0 0-1.79 1.11z"
        />
      </svg>
      <span
        class="dock-label"
      >
        Inbox
      </span>
    </button>
    <button
      class=""
    >
      <svg
        aria-hidden="true"
        class="lucide lucide-cog"
        fill="none"
        height="24"
        stroke="currentColor"
        stroke-linecap="round"
        stroke-linejoin="round"
        stroke-width="2"
        viewBox="0 0 24 24"
        width="24"
        xmlns="http://www.w3.org/2000/svg"
      >
        <path
          d="M12 20a8 8 0 1 0 0-16 8 8 0 0 0 0 16Z"
        />
        <path
          d="M12 14a2 2 0 1 0 0-4 2 2 0 0 0 0 4Z"
        />
        <path
          d="M12 2v2"
        />
        <path
          d="M12 22v-2"
        />
        <path
          d="m17 20.66-1-1.73"
        />
        <path
          d="M11 10.27 7 3.34"
        />
        <path
          d="m20.66 17-1.73-1"
        />
        <path
          d="m3.34 7 1.73 1"
        />
        <path
          d="M14 12h8"
        />
        <path
          d="M2 12h2"
        />
        <path
          d="m20.66 7-1.73 1"
        />
        <path
          d="m3.34 17 1.73-1"
        />
        <path
          d="m17 3.34-1 1.73"
        />
        <path
          d="m11 13.73-4 6.93"
        />
      </svg>
      <span
        class="dock-label"
      >
        Setting
      </span>
    </button>
  </div>
</DocumentFragment>
`;
