// Vitest Snapshot v1, https://vitest.dev/guide/snapshot.html

exports[`Pagination > renders pagination buttons 1`] = `
<DocumentFragment>
  <nav
    aria-label="pagination"
    class="flex justify-center"
    role="navigation"
  >
    <ul
      class="flex flex-row items-center gap-1"
    >
      <li>
        <a
          aria-label="Go to previous page"
          class="btn btn-ghost min-h-fit h-10 rounded-md gap-1 px-3"
          href="#"
        >
          <svg
            aria-hidden="true"
            class="lucide lucide-chevron-left h-4 w-4"
            fill="none"
            height="24"
            stroke="currentColor"
            stroke-linecap="round"
            stroke-linejoin="round"
            stroke-width="2"
            viewBox="0 0 24 24"
            width="24"
            xmlns="http://www.w3.org/2000/svg"
          >
            <path
              d="m15 18-6-6 6-6"
            />
          </svg>
        </a>
      </li>
      <li>
        <a
          class="btn btn-ghost min-h-fit h-10 rounded-md"
          href="#"
        >
          1
        </a>
      </li>
      <li>
        <a
          aria-current="page"
          class="btn btn-ghost btn-outline min-h-fit h-10 rounded-md"
          href="#"
        >
          2
        </a>
      </li>
      <li>
        <a
          class="btn btn-ghost min-h-fit h-10 rounded-md"
          href="#"
        >
          3
        </a>
      </li>
      <li>
        <span
          aria-hidden="true"
          class="flex h-9 w-9 items-center justify-center"
        >
          <svg
            aria-hidden="true"
            class="lucide lucide-ellipsis h-4 w-4"
            fill="none"
            height="24"
            stroke="currentColor"
            stroke-linecap="round"
            stroke-linejoin="round"
            stroke-width="2"
            viewBox="0 0 24 24"
            width="24"
            xmlns="http://www.w3.org/2000/svg"
          >
            <circle
              cx="12"
              cy="12"
              r="1"
            />
            <circle
              cx="19"
              cy="12"
              r="1"
            />
            <circle
              cx="5"
              cy="12"
              r="1"
            />
          </svg>
          <span
            class="sr-only"
          >
            More pages
          </span>
        </span>
      </li>
      <li>
        <a
          aria-label="Go to next page"
          class="btn btn-ghost min-h-fit h-10 rounded-md gap-1 px-3"
          href="#"
        >
          <svg
            aria-hidden="true"
            class="lucide lucide-chevron-right h-4 w-4"
            fill="none"
            height="24"
            stroke="currentColor"
            stroke-linecap="round"
            stroke-linejoin="round"
            stroke-width="2"
            viewBox="0 0 24 24"
            width="24"
            xmlns="http://www.w3.org/2000/svg"
          >
            <path
              d="m9 18 6-6-6-6"
            />
          </svg>
        </a>
      </li>
    </ul>
  </nav>
</DocumentFragment>
`;
